// Jest Snapshot v1, https://goo.gl/fbAQLP

exports[`SearchBox Component Matches the snapshot 1`] = `
.c3 {
  display: inline-block;
  vertical-align: middle;
  overflow: hidden;
}

.c4 {
  width: 1.3rem;
}

.c2 {
  color: #FAFAFA;
  background: #2A293B;
  border: 1px solid #2A293B;
  border: none;
  border-top-right-radius: 3px;
  border-bottom-right-radius: 3px;
}

.c0 {
  display: -webkit-box;
  display: -webkit-flex;
  display: -ms-flexbox;
  display: flex;
  width: 85%;
  margin: 0 auto;
}

.c1 {
  background: #FAFAFA;
  border-top-left-radius: 3px;
  border-bottom-left-radius: 3px;
  border: 1px solid #2A293B;
  padding: 10px;
  font-size: 0.8rem;
  -webkit-flex: 1 1 0;
  -ms-flex: 1 1 0;
  flex: 1 1 0;
  outline: none;
}

<form
  autoComplete="off"
  className="c0"
  onSubmit={[Function]}
>
  <input
    className="c1"
    name="search"
    onChange={[Function]}
    placeholder="Search your car"
    required={true}
    type="text"
  />
  <button
    className="c2"
    type="submit"
  >
    <svg
      aria-hidden="true"
      className="c3 c4"
      fill="currentColor"
      focusable="false"
      viewBox="0 0 24 24"
      xmlns="http://www.w3.org/2000/svg"
    >
      <path
        d="M10 18a7.952 7.952 0 004.897-1.688l4.396 4.396 1.414-1.414-4.396-4.396A7.952 7.952 0 0018 10c0-4.411-3.589-8-8-8s-8 3.589-8 8 3.589 8 8 8zm0-14c3.309 0 6 2.691 6 6s-2.691 6-6 6-6-2.691-6-6 2.691-6 6-6z"
      />
      <path
        d="M11.412 8.586c.379.38.588.882.588 1.414h2a3.977 3.977 0 00-1.174-2.828c-1.514-1.512-4.139-1.512-5.652 0l1.412 1.416c.76-.758 2.07-.756 2.826-.002z"
      />
    </svg>
  </button>
</form>
`;
