// Jest Snapshot v1, https://goo.gl/fbAQLP

exports[`VehicleCard Component Matches the snapshot 1`] = `
.c3 {
  background: #FAFAFA;
  border-bottom-left-radius: 5px;
  border-bottom-right-radius: 5px;
  height: 50%;
  padding: 0.5rem 1rem;
}

.c1 {
  background: #C0CCDA;
  border-top-left-radius: 5px;
  border-top-right-radius: 5px;
  height: 50%;
  display: -webkit-box;
  display: -webkit-flex;
  display: -ms-flexbox;
  display: flex;
  -webkit-box-pack: center;
  -webkit-justify-content: center;
  -ms-flex-pack: center;
  justify-content: center;
  -webkit-align-items: center;
  -webkit-box-align: center;
  -ms-flex-align: center;
  align-items: center;
}

.c0 {
  border-radius: 5px;
  background: #FAFAFA;
  border: none;
  cursor: pointer;
}

.c0 .medium {
  width: 100%;
  height: 100%;
  max-width: 300px;
}

.c0 .large {
  width: 100%;
  height: auto;
  max-width: 500px;
}

.c0:hover {
  box-shadow: 0 11px 40px 0 rgba(0,0,0,0.25),0 2px 10px 0 rgba(0,0,0,0.12);
}

.c2 {
  border-top-left-radius: 5px;
  border-top-right-radius: 5px;
  max-width: 100%;
  height: auto;
}

<section>
  <div
    className="c0"
  >
    <div
      className="medium"
    >
      <div
        className="c1"
      >
        <img
          className="c2"
          src="test.jpeg"
        />
      </div>
      <div
        className="c3"
      >
        <span>
          This the test card context
        </span>
      </div>
    </div>
  </div>
</section>
`;
